// Jest Snapshot v1, https://goo.gl/fbAQLP

exports[`Application renders correctly 1`] = `
"<div className=\\"Application\\">
  <NavigationBar handleLogOut={[Function: handleLogOut]} role={[undefined]} name={[undefined]} title=\\"Cadet\\" />
  <div className=\\"Application__main\\">
    <Switch>
      <Route exact={true} path=\\"/achievement\\" component={{...}} />
      <Route render={[Function (anonymous)]} />
    </Switch>
  </div>
</div>"
`;
